"","x"
"1","52603"
"2","19130"
"3","20675"
"4","52453"
"5","52687"
"6","52462"
"7","42446"
"8","42449"
"9","52461"
"10","19263"
"11","52448"
"12","52470"
"13","52616"
"14","52452"
"15","52446"
"16","52438"
"17","52623"
"18","32197"
"19","531"
"20","21133"
"21","1494"
"22","32198"
"23","46173"
"24","555"
"25","32342"
"26","528"
"27","512"
"28","443"
"29","3141"
"30","15500"
"31","48782"
"32","63"
"33","15506"
"34","27718"
"35","513"
"36","37465"
"37","42420"
"38","15587"
"39","2127"
"40","1572"
"41","48857"
"42","15990"
"43","58"
"44","53013"
"45","1573"
"46","39786"
"47","590"
"48","527"
"49","35661"
"50","57330"
"51","34386"
"52","48429"
"53","1585"
"54","46539"
"55","37076"
"56","33939"
"57","52604"
"58","44877"
"59","54979"
"60","52434"
"61","32553"
"62","1408"
"63","1899"
"64","17747"
"65","53231"
"66","27738"
"67","1284"
"68","32306"
"69","37097"
"70","606"
